// Jest Snapshot v1, https://goo.gl/fbAQLP

exports[`<App /> renders determined layout 1`] = `ShallowWrapper {}`;
